DEPARTMENT

Population Health
Microbiology
Biology
Anthropology
History
Philosophy
Linguistics
East Asian Studies
Cell Biology
Environmental Medicine
Medicine
Dermatology
Italian Studies
Psychology
Chemical and Biological
Chemical Engineering
Applied Physics
Chemical and Biomolecular Engineering
Civil and Urban Engineering
Electrical and Computer Engineering
ECE
Finance and Risk Engineering
Mathematics
Mechanical and Aerospace Engineering
Technology Management and Innovation
Culture and Society
Physics
Chemistry
Electrical Engineering
EE
Computer Science Engineering
CSE
Finance and Risk Engineering
Mechanical and Aerospace Engineering
Periodontology & Implant Dentistry
Cariology and Comprehensive Care
Prosthodontics
Basic Science
Craniofacial Biology
Pediatric Dentistry
Epidemiology & Health Promotion
Epidemiology and Health Promotion
Epidemiology Health Promotion
History
Periodontology and Implant Dentistry
Oral & Maxillofacial Surgery
Oral and Maxillofacial Surgery
Oral Maxillofacial Surgery
Orthodontics
Endodontics
Periodontology
Education
Art History
Biology
Cinema Studies
Classics
Comparative Literature
Economics
English
Environmental Medicine
Fine Arts
French
French Studies
German
Hebrew and Judaic Studies
Italian Studies
Linguistics
Middle Eastern and Islamic Studies
Music
Performance Studies
Philosophy
Physics
Politics
Psychology
Russian and Slavic Studies
Sociology
Spanish and Portuguese Languages and Literatures
Study of the Ancient World